Parse error: empty.jsonnet (No such file or directory)
    ./test/golden/importstr-twice.jsonnet:1:11-36