Runtime error: divide by zero exception
  ./test/golden/error.06.jsonnet:17:13-18 function <f>
  ./test/golden/error.06.jsonnet:19:1-2 