Runtime error: Assertion failed. {"a":1} != {"b":1}
  ./test/golden/error.assert_equal_obj.jsonnet:17:1-16 function <anonymous>
  ./test/golden/error.assert_equal_obj.jsonnet:17:1-16 