Runtime error: variable '"x"' is not defined
  ./test/golden/error.computed_field_scope.jsonnet:17:21-22 