Runtime error: foo
  ./test/golden/error.04.jsonnet:17:21-33 