Runtime error: foo
  ./test/golden/error.03.jsonnet:17:21-33 