Runtime error: foo
  ./test/golden/error.05.jsonnet:17:21-33 