Runtime error: Foo.
  ./test/golden/error.02.jsonnet:17:1-18:1 